svg_normalize: 93 files scanned, 0 would change.

  ok        u01_ch1_dvostruka_platforma_manometar.svg
  ok        u01_fig_gustoca_sr.svg
  ok        u01_fig_most_podizanje.svg
  ok        u01_fig_presa_savijanje.svg
  ok        u01_fig_uvod_pregled.svg
  ok        u01_val1_klip_manometar.svg
  ok        u01_val2_hidraulicna_dizalica.svg
  ok        u01_val3_dvostruki_podizac.svg
  ok        u01_vjezbe_skice.svg
  ok        u02_ch1_kapilarni_mikrodozator_kapljica.svg
  ok        u02_fig_kapilarna_vlaga_zid.svg
  ok        u02_fig_kapilarni_uspon_etanol.svg
  ok        u02_fig_kinematicka_viskoznost.svg
  ok        u02_fig_klizni_lezaj.svg
  ok        u02_fig_uvod_pregled.svg
  ok        u02_val2_viskoznost_kapilarnost.svg
  ok        u02_val3_tlacni_skok_kapljica.svg
  ok        u02_vjezbe_skice.svg
  ok        u03_balans_tlaka_i_geff.svg
  ok        u03_ch1_zatvoreni_spremnik_ulje_ziva.svg
  ok        u03_fig_pumpa_usis.svg
  ok        u03_fig_uvod_pregled.svg
  ok        u03_fig_vodotoranj_distribucija.svg
  ok        u03_fig_zatvoreni_spremnik_tlak.svg
  ok        u03_val1_diferencijalni_manometar.svg
  ok        u03_val2_klip_komore.svg
  ok        u03_val3_vakuumski_spremnik.svg
  ok        u03_vjezbe_skice.svg
  ok        u04_ch1_rotirajuci_spremnik_paraboloid.svg
  ok        u04_fig_autocisterna_kocenje.svg
  ok        u04_fig_rotirajuci_cilindar.svg
  ok        u04_fig_uvod_pregled.svg
  ok        u04_fig_vatrogasna_cisterna.svg
  ok        u04_val1_procesna_kada.svg
  ok        u04_val2_laboratorijska_kolica.svg
  ok        u04_val3_kosa_stijenka.svg
  ok        u04_vjezbe_skice.svg
  ok        u05_ch1_pregrada_ulje_voda.svg
  ok        u05_fig_brodska_vrata_brane.svg
  ok        u05_fig_inspekcijski_poklopac.svg
  ok        u05_fig_uvod_pregled.svg
  ok        u05_val1_pravokutna_zaklopka.svg
  ok        u05_val2_ukrute_stijenke.svg
  ok        u05_val3_kosi_poklopac.svg
  ok        u05_vjezbe_skice.svg
  ok        u06_ch1_poklopac_spojnica.svg
  ok        u06_fig_uvod_pregled.svg
  ok        u06_fig_zaobljeni_poklopac_kotla.svg
  ok        u06_fig_zaobljeno_dno_jezerca.svg
  ok        u06_val1_cetvrtina_kruga.svg
  ok        u06_val2_sklopiva_brana.svg
  ok        u06_val3_cetvrtcilindricni_poklopac.svg
  ok        u06_vjezbe_skice.svg
  ok        u07_ch1_platforma_ulje_voda_ormar.svg
  ok        u07_val1_platforma_kompresor.svg
  ok        u07_val2_ponton_gaz.svg
  ok        u07_val3_dva_fluida_modul.svg
  ok        u07_vjezbe_skice.svg
  ok        u08_ch1_mijesajuci_spremnik.svg
  ok        u08_kontrolni_volumen_scene.svg
  ok        u08_val1_difuzor_kontinuitet.svg
  ok        u08_val2_mjesanje_tokova.svg
  ok        u08_val3_izjednacni_spremnik.svg
  ok        u08_vjezbe_skice.svg
  ok        u09_ch1_bypass_sifon_suzenje_mlaz.svg
  ok        u09_egl_hgl_schema.svg
  ok        u09_val2_slobodni_mlaz.svg
  ok        u09_val3_idealni_sifon.svg
  ok        u09_vjezbe_skice.svg
  ok        u10_ch1_pitot_gubici_spremnik.svg
  ok        u10_ch2_usisna_crpka_kavitacija.svg
  ok        u10_val1_realni_bernoulli_gubici.svg
  ok        u10_val2_pitot_prandtl.svg
  ok        u10_val3_realni_sifon.svg
  ok        u10_vjezbe_skice.svg
  ok        u11_ch1_t_racva_konzola.svg
  ok        u11_ch2_y_racva_reakcija.svg
  ok        u11_val1_mlaz_na_plocu.svg
  ok        u11_val2_mlaznica_prirubnica.svg
  ok        u11_val3_koljeno_reakcija.svg
  ok        u11_vjezbe_skice.svg
  ok        u12_ch1_pokretna_zakrivljena_lopatica.svg
  ok        u12_ch2_pelton_rotor_moment.svg
  ok        u12_ch3_flyboard_potisak.svg
  ok        u12_val1_vodilica_mlaza.svg
  ok        u12_val2_ukljestena_lopatica.svg
  ok        u12_val3_pokretna_lopatica.svg
  ok        u12_vjezbe_skice.svg
  ok        u13_ch1_serijsko_paralelna_mreza.svg
  ok        u13_val1_reynolds_i_gubici.svg
  ok        u13_val2_paralelne_grane.svg
  ok        u13_val3_servisni_ispust.svg
  ok        u13_vjezbe_skice.svg